// Jest Snapshot v1, https://goo.gl/fbAQLP

exports[`Character Container should match snapshot 1`] = `undefined`;
