// Jest Snapshot v1, https://goo.gl/fbAQLP

exports[`Splash should match snapshot 1`] = `ShallowWrapper {}`;
